###############################################################################
#
# IAR ELF Linker V3.10.1.201 for STM8                     28/Oct/2017  00:06:03
# Copyright 2010-2017 IAR Systems AB.
#
#    Output file  =  
#        D:\3.stm8\stm8_tutorial\0.project_tempt\EWSTM8\Debug\Exe\project_tempt.out
#    Map file     =  
#        D:\3.stm8\stm8_tutorial\0.project_tempt\EWSTM8\Debug\List\project_tempt.map
#    Command line =  
#        -f C:\Users\tien\AppData\Local\Temp\EW160B.tmp
#        (D:\3.stm8\stm8_tutorial\0.project_tempt\EWSTM8\Debug\Obj\main.o
#        D:\3.stm8\stm8_tutorial\0.project_tempt\EWSTM8\Debug\Obj\stm8s_adc1.o
#        D:\3.stm8\stm8_tutorial\0.project_tempt\EWSTM8\Debug\Obj\stm8s_awu.o
#        D:\3.stm8\stm8_tutorial\0.project_tempt\EWSTM8\Debug\Obj\stm8s_beep.o
#        D:\3.stm8\stm8_tutorial\0.project_tempt\EWSTM8\Debug\Obj\stm8s_clk.o
#        D:\3.stm8\stm8_tutorial\0.project_tempt\EWSTM8\Debug\Obj\stm8s_clock.o
#        D:\3.stm8\stm8_tutorial\0.project_tempt\EWSTM8\Debug\Obj\stm8s_exti.o
#        D:\3.stm8\stm8_tutorial\0.project_tempt\EWSTM8\Debug\Obj\stm8s_flash.o
#        D:\3.stm8\stm8_tutorial\0.project_tempt\EWSTM8\Debug\Obj\stm8s_gpio.o
#        D:\3.stm8\stm8_tutorial\0.project_tempt\EWSTM8\Debug\Obj\stm8s_i2c.o
#        D:\3.stm8\stm8_tutorial\0.project_tempt\EWSTM8\Debug\Obj\stm8s_it.o
#        D:\3.stm8\stm8_tutorial\0.project_tempt\EWSTM8\Debug\Obj\stm8s_itc.o
#        D:\3.stm8\stm8_tutorial\0.project_tempt\EWSTM8\Debug\Obj\stm8s_iwdg.o
#        D:\3.stm8\stm8_tutorial\0.project_tempt\EWSTM8\Debug\Obj\stm8s_rst.o
#        D:\3.stm8\stm8_tutorial\0.project_tempt\EWSTM8\Debug\Obj\stm8s_spi.o
#        D:\3.stm8\stm8_tutorial\0.project_tempt\EWSTM8\Debug\Obj\stm8s_tim1.o
#        D:\3.stm8\stm8_tutorial\0.project_tempt\EWSTM8\Debug\Obj\stm8s_tim2.o
#        D:\3.stm8\stm8_tutorial\0.project_tempt\EWSTM8\Debug\Obj\stm8s_uart1.o
#        D:\3.stm8\stm8_tutorial\0.project_tempt\EWSTM8\Debug\Obj\stm8s_wwdg.o
#        --redirect _Printf=_PrintfSmall --redirect _Scanf=_ScanfSmall -o
#        D:\3.stm8\stm8_tutorial\0.project_tempt\EWSTM8\Debug\Exe\project_tempt.out
#        --map
#        D:\3.stm8\stm8_tutorial\0.project_tempt\EWSTM8\Debug\List\project_tempt.map
#        --config "C:\Program Files (x86)\IAR Systems\Embedded Workbench
#        8.0\stm8\config\lnkstm8s103f3.icf" --config_def _CSTACK_SIZE=0x100
#        --config_def _HEAP_SIZE=0x100 --entry __iar_program_start --debug_lib)
#
###############################################################################

*******************************************************************************
*** RUNTIME MODEL ATTRIBUTES
***

__SystemLibrary            = DLib
__code_model               = small
__core                     = stm8
__data_model               = medium
__dlib_file_descriptor     = 0
__dlib_full_locale_support = 0
__rt_version               = 4


*******************************************************************************
*** PLACEMENT SUMMARY
***

"A0":  place at start of [0x000000-0x0000ff] { rw section .vregs };
"A1":  place at end of [0x000000-0x0003ff] { block CSTACK };
"P2":  place in [from 0x000000 to 0x0003ff] {
          block HEAP, rw section __DLIB_PERTHREAD, rw section .far.bss,
          rw section .far.data, rw section .far.noinit,
          rw section .far_func.textrw, rw section .huge.bss,
          rw section .huge.data, rw section .huge.noinit,
          rw section .huge_func.textrw, rw section .iar.dynexit,
          rw section .near.bss, rw section .near.data, rw section .near.noinit,
          rw section .near_func.textrw };
"A2":  place at start of [0x008000-0x009fff] { block INTVEC };
"P3":  place in [from 0x008000 to 0x009fff] {
          ro section __DLIB_PERTHREAD_init, ro section .far.data_init,
          ro section .far_func.textrw_init, ro section .huge.data_init,
          ro section .huge_func.textrw_init, ro section .iar.init_table,
          ro section .init_array, ro section .near.data_init,
          ro section .near.rodata, ro section .near_func.text,
          ro section .near_func.textrw_init, ro section .tiny.data_init,
          ro section .tiny.rodata_init };
"P4":  place in [from 0x008000 to 0x009fff] {
          ro section .far.rodata, ro section .far_func.text };
"P5":  place in [from 0x008000 to 0x009fff] {
          ro section .huge.rodata, ro section .huge_func.text };
do not initialize {
   rw section .eeprom.noinit, rw section .far.noinit, rw section .huge.noinit,
   rw section .near.noinit, rw section .tiny.noinit, rw section .vregs };

  Section          Kind      Address    Size  Object
  -------          ----      -------    ----  ------
"A0":                                   0x10
  .vregs           uninit   0x000000    0x10  vregs.o [4]
                          - 0x000010    0x10

"P2":                                    0x4
  .near.bss        zero     0x000010     0x4  main.o [1]
                          - 0x000014     0x4

"A1":                                  0x100
  CSTACK                    0x000300   0x100  <Block>
    CSTACK         uninit   0x000300   0x100  <Block tail>
                          - 0x000400   0x100

"A2":                                   0x80
  INTVEC                    0x008000    0x80  <Block>
    .intvec        const    0x008000    0x80  interrupt.o [4]
                          - 0x008080    0x80

"P3-P5":                              0x10f1
  .near_func.text  ro code  0x008080   0x3a5  xprintfsmall.o [4]
  .near_func.text  ro code  0x008425   0x222  stm8s_uart1.o [1]
  .near_func.text  ro code  0x008647   0x176  xprintfsmall.o [4]
  .near_func.text  ro code  0x0087bd   0x16e  long.o [4]
  .near_func.text  ro code  0x00892b   0x12d  stm8s_clk.o [1]
  .near_func.text  ro code  0x008a58   0x10b  vreg_util.o [4]
  .near_func.text  ro code  0x008b63    0x9e  stm8s_uart1.o [1]
  .near_func.text  ro code  0x008c01    0x8b  stm8s_clk.o [1]
  .near_func.text  ro code  0x008c8c    0x57  stm8s_clk.o [1]
  .near.rodata     const    0x008ce3    0x51  stm8s_uart1.o [1]
  .near.rodata     const    0x008d34    0x4f  stm8s_clk.o [1]
  .near_func.text  ro code  0x008d83    0x47  main.o [1]
  .near_func.text  ro code  0x008dca    0x47  long_util.o [4]
  .near_func.text  ro code  0x008e11    0x3d  xprintfsmall.o [4]
  .near_func.text  ro code  0x008e4e    0x37  xprintfsmall.o [4]
  .near_func.text  ro code  0x008e85    0x36  stm8s_clk.o [1]
  .near_func.text  ro code  0x008ebb    0x35  xprintfsmall.o [4]
  .near_func.text  ro code  0x008ef0    0x2f  xprintfsmall.o [4]
  .near_func.text  ro code  0x008f1f    0x2d  stm8s_uart1.o [1]
  .near.rodata     const    0x008f4c    0x27  main.o [1]
  .near_func.text  ro code  0x008f73    0x25  dc_util.o [4]
  .near_func.text  ro code  0x008f98    0x23  short.o [4]
  .near_func.text  ro code  0x008fbb    0x21  memchr.o [4]
  .iar.init_table  const    0x008fdc     0x8  - Linker created -
  .near_func.text  ro code  0x008fe4    0x1e  init_small.o [4]
  .near_func.text  ro code  0x009002    0x1d  printf.o [4]
  .near_func.text  ro code  0x00901f    0x1b  xprout.o [4]
  .near_func.text  ro code  0x00903a    0x19  main.o [1]
  .near_func.text  ro code  0x009053    0x19  stm8s_clock.o [1]
  .near.rodata     const    0x00906c    0x17  main.o [1]
  .near_func.text  ro code  0x009083    0x15  strchr.o [4]
  .near_func.text  ro code  0x009098    0x14  init.o [4]
  .near_func.text  ro code  0x0090ac    0x14  xprintfsmall.o [4]
  .near_func.text  ro code  0x0090c0    0x14  __dbg_xxexit.o [3]
  .near_func.text  ro code  0x0090d4    0x13  cstartup.o [4]
  .near_func.text  ro code  0x0090e7     0xe  stm8s_it.o [1]
  .near_func.text  ro code  0x0090f5     0xd  strlen.o [4]
  .near_func.text  ro code  0x009102     0xb  xprintfsmall.o [4]
  .near_func.text  ro code  0x00910d     0xa  xprintfsmall.o [4]
  .near_func.text  ro code  0x009117     0x9  xprintfsmall.o [4]
  .near_func.text  ro code  0x009120     0x8  xprintfsmall.o [4]
  .near.rodata     const    0x009128     0x7  xprintfsmall.o [4]
  .near_func.text  ro code  0x00912f     0x7  main.o [1]
  .near_func.text  ro code  0x009136     0x6  xprintfsmall.o [4]
  .near_func.text  ro code  0x00913c     0x6  xprintfsmall.o [4]
  .near_func.text  ro code  0x009142     0x5  cexit.o [4]
  .near.rodata     const    0x009147     0x4  stm8s_clk.o [1]
  .near_func.text  ro code  0x00914b     0x4  stm8s_uart1.o [1]
  .near_func.text  ro code  0x00914f     0x3  interrupt.o [4]
  .near_func.text  ro code  0x009152     0x3  low_level_init.o [4]
  .near_func.text  ro code  0x009155     0x3  exit.o [4]
  .near_func.text  ro code  0x009158     0x3  unhandled_exception.o [4]
  .near_func.text  ro code  0x00915b     0x2  main.o [1]
  .near_func.text  ro code  0x00915d     0x1  stm8s_it.o [1]
  .near_func.text  ro code  0x00915e     0x1  stm8s_it.o [1]
  .near_func.text  ro code  0x00915f     0x1  stm8s_it.o [1]
  .near_func.text  ro code  0x009160     0x1  stm8s_it.o [1]
  .near_func.text  ro code  0x009161     0x1  stm8s_it.o [1]
  .near_func.text  ro code  0x009162     0x1  stm8s_it.o [1]
  .near_func.text  ro code  0x009163     0x1  stm8s_it.o [1]
  .near_func.text  ro code  0x009164     0x1  stm8s_it.o [1]
  .near_func.text  ro code  0x009165     0x1  stm8s_it.o [1]
  .near_func.text  ro code  0x009166     0x1  stm8s_it.o [1]
  .near_func.text  ro code  0x009167     0x1  stm8s_it.o [1]
  .near_func.text  ro code  0x009168     0x1  stm8s_it.o [1]
  .near_func.text  ro code  0x009169     0x1  stm8s_it.o [1]
  .near_func.text  ro code  0x00916a     0x1  stm8s_it.o [1]
  .near_func.text  ro code  0x00916b     0x1  stm8s_it.o [1]
  .near_func.text  ro code  0x00916c     0x1  stm8s_it.o [1]
  .near_func.text  ro code  0x00916d     0x1  stm8s_it.o [1]
  .near_func.text  ro code  0x00916e     0x1  stm8s_it.o [1]
  .near_func.text  ro code  0x00916f     0x1  stm8s_it.o [1]
  .near_func.text  ro code  0x009170     0x1  __dbg_break.o [3]
                          - 0x009171  0x10f1


*******************************************************************************
*** INIT TABLE
***

          Address   Size
          -------   ----
Zero (__iar_zero_init2)
    1 destination range, total size 0x4:
          0x000010   0x4



*******************************************************************************
*** MODULE SUMMARY
***

    Module                 ro code  ro data  rw data
    ------                 -------  -------  -------
D:\3.stm8\stm8_tutorial\0.project_tempt\EWSTM8\Debug\Obj: [1]
    main.o                     105       62        4
    stm8s_clk.o                581       83
    stm8s_clock.o               25
    stm8s_it.o                  33
    stm8s_uart1.o              753       81
    ------------------------------------------------
    Total:                   1 497      226        4

command line: [2]
    ------------------------------------------------
    Total:

dbgstm8smd.a: [3]
    __dbg_break.o                1
    __dbg_xxexit.o              20
    ------------------------------------------------
    Total:                      21

dlstm8smn.a: [4]
    cexit.o                      5
    cstartup.o                  19
    dc_util.o                   37
    exit.o                       3
    init.o                      20
    init_small.o                30
    interrupt.o                  3      128
    long.o                     366
    long_util.o                 71
    low_level_init.o             3
    memchr.o                    33
    printf.o                    29
    short.o                     35
    strchr.o                    21
    strlen.o                    13
    unhandled_exception.o        3
    vreg_util.o                267
    vregs.o                                       16
    xprintfsmall.o           1 593        7
    xprout.o                    27
    ------------------------------------------------
    Total:                   2 578      135       16

    Linker created                        8      256
----------------------------------------------------
    Grand Total:             4 096      369      276


*******************************************************************************
*** ENTRY LIST
***

Entry                    Address   Size  Type      Object
-----                    -------   ----  ----      ------
.iar.init_table$$Base   0x008fdc          --   Gb  - Linker created -
.iar.init_table$$Limit  0x008fe4          --   Gb  - Linker created -
?and32_l0_l0_0x         0x0088ea         Code  Gb  long.o [4]
?and32_l0_l0_l1         0x0088e7         Code  Gb  long.o [4]
?b0                     0x000000         Data  Gb  vregs.o [4]
?b1                     0x000001         Data  Gb  vregs.o [4]
?b10                    0x00000a         Data  Gb  vregs.o [4]
?b11                    0x00000b         Data  Gb  vregs.o [4]
?b12                    0x00000c         Data  Gb  vregs.o [4]
?b13                    0x00000d         Data  Gb  vregs.o [4]
?b14                    0x00000e         Data  Gb  vregs.o [4]
?b15                    0x00000f         Data  Gb  vregs.o [4]
?b2                     0x000002         Data  Gb  vregs.o [4]
?b3                     0x000003         Data  Gb  vregs.o [4]
?b4                     0x000004         Data  Gb  vregs.o [4]
?b5                     0x000005         Data  Gb  vregs.o [4]
?b6                     0x000006         Data  Gb  vregs.o [4]
?b7                     0x000007         Data  Gb  vregs.o [4]
?b8                     0x000008         Data  Gb  vregs.o [4]
?b9                     0x000009         Data  Gb  vregs.o [4]
?dc32_l0                0x008f73         Code  Gb  dc_util.o [4]
?dc32_l1                0x008f80         Code  Gb  dc_util.o [4]
?dc32_px                0x008f8d         Code  Gb  dc_util.o [4]
?e0                     0x000001         Data  Gb  vregs.o [4]
?e1                     0x000005         Data  Gb  vregs.o [4]
?e2                     0x000009         Data  Gb  vregs.o [4]
?e3                     0x00000d         Data  Gb  vregs.o [4]
?epilogue_l2            0x008add         Code  Gb  vreg_util.o [4]
?epilogue_l2_l3         0x008ada         Code  Gb  vreg_util.o [4]
?epilogue_l2_w6         0x008ae1         Code  Gb  vreg_util.o [4]
?epilogue_w4            0x008ae8         Code  Gb  vreg_util.o [4]
?l0                     0x000000         Data  Gb  vregs.o [4]
?l1                     0x000004         Data  Gb  vregs.o [4]
?l2                     0x000008         Data  Gb  vregs.o [4]
?l3                     0x00000c         Data  Gb  vregs.o [4]
?load32_0x_l0           0x008e03         Code  Gb  long_util.o [4]
?load32_asp_l0          0x008df7         Code  Gb  long_util.o [4]
?load32_dbsp_l0         0x008df2         Code  Gb  long_util.o [4]
?load32_l0_0x           0x008dda         Code  Gb  long_util.o [4]
?load32_l0_asp          0x008dcf         Code  Gb  long_util.o [4]
?load32_l0_dbsp         0x008dca         Code  Gb  long_util.o [4]
?load32_l0_xsp          0x008dd1         Code  Gb  long_util.o [4]
?load32_l1_0x           0x008de6         Code  Gb  long_util.o [4]
?load32_xsp_l0          0x008df9         Code  Gb  long_util.o [4]
?mov_e0_e2              0x008b0b         Code  Gb  vreg_util.o [4]
?mov_e0_e3              0x008b18         Code  Gb  vreg_util.o [4]
?mov_e1_e0              0x008b25         Code  Gb  vreg_util.o [4]
?mov_e1_e2              0x008b32         Code  Gb  vreg_util.o [4]
?mov_e1_e3              0x008b3f         Code  Gb  vreg_util.o [4]
?mov_e2_e0              0x008b4c         Code  Gb  vreg_util.o [4]
?mov_e3_e0              0x008b59         Code  Gb  vreg_util.o [4]
?mov_l0_l2              0x008b08         Code  Gb  vreg_util.o [4]
?mov_l0_l3              0x008b15         Code  Gb  vreg_util.o [4]
?mov_l1_l0              0x008b22         Code  Gb  vreg_util.o [4]
?mov_l1_l2              0x008b2f         Code  Gb  vreg_util.o [4]
?mov_l1_l3              0x008b3c         Code  Gb  vreg_util.o [4]
?mov_l2_l0              0x008b49         Code  Gb  vreg_util.o [4]
?mov_l3_l0              0x008b56         Code  Gb  vreg_util.o [4]
?mov_w0_w5              0x008aec         Code  Gb  vreg_util.o [4]
?mov_w1_w5              0x008b0e         Code  Gb  vreg_util.o [4]
?mov_w1_w7              0x008b1b         Code  Gb  vreg_util.o [4]
?mov_w3_w1              0x008b28         Code  Gb  vreg_util.o [4]
?mov_w3_w5              0x008b35         Code  Gb  vreg_util.o [4]
?mov_w3_w7              0x008b42         Code  Gb  vreg_util.o [4]
?mov_w4_w0              0x008af3         Code  Gb  vreg_util.o [4]
?mov_w4_w1              0x008afa         Code  Gb  vreg_util.o [4]
?mov_w5_w0              0x008b01         Code  Gb  vreg_util.o [4]
?mov_w5_w1              0x008b4f         Code  Gb  vreg_util.o [4]
?mov_w7_w1              0x008b5c         Code  Gb  vreg_util.o [4]
?mul16_x_x_w0           0x008f98         Code  Gb  short.o [4]
?mul32_l0_l0_0x         0x0087eb         Code  Gb  long.o [4]
?mul32_l0_l0_dl         0x0087e8         Code  Gb  long.o [4]
?mul32_l0_l0_l1         0x0087f4         Code  Gb  long.o [4]
?neg32_l0_l0            0x0087bd         Code  Gb  long.o [4]
?pop_l2                 0x008abc         Code  Gb  vreg_util.o [4]
?pop_l3                 0x008ac7         Code  Gb  vreg_util.o [4]
?pop_w4                 0x008a7f         Code  Gb  vreg_util.o [4]
?pop_w6                 0x008a86         Code  Gb  vreg_util.o [4]
?push_l2                0x008a95         Code  Gb  vreg_util.o [4]
?push_l3                0x008a9a         Code  Gb  vreg_util.o [4]
?push_w0                0x008a58         Code  Gb  vreg_util.o [4]
?push_w1                0x008a5d         Code  Gb  vreg_util.o [4]
?push_w4                0x008a62         Code  Gb  vreg_util.o [4]
?push_w6                0x008a67         Code  Gb  vreg_util.o [4]
?sext32_l0_a            0x00891e         Code  Gb  long.o [4]
?sext32_l0_x            0x008913         Code  Gb  long.o [4]
?sll32_0x_0x_a          0x008905         Code  Gb  long.o [4]
?sll32_l0_l0_a          0x008902         Code  Gb  long.o [4]
?srl16_x_x_4            0x008fb6         Code  Gb  short.o [4]
?sub32_l0_l0_0x         0x0087d0         Code  Gb  long.o [4]
?sub32_l0_l0_l1         0x0087cd         Code  Gb  long.o [4]
?udiv32_l0_dl_l1        0x008872         Code  Gb  long.o [4]
?udiv32_l0_l0_dl        0x008877         Code  Gb  long.o [4]
?udiv32_l0_l0_l1        0x00887a         Code  Gb  long.o [4]
?umod32_l1_l0_l1        0x00887a         Code  Gb  long.o [4]
?w0                     0x000000         Data  Gb  vregs.o [4]
?w1                     0x000002         Data  Gb  vregs.o [4]
?w2                     0x000004         Data  Gb  vregs.o [4]
?w3                     0x000006         Data  Gb  vregs.o [4]
?w4                     0x000008         Data  Gb  vregs.o [4]
?w5                     0x00000a         Data  Gb  vregs.o [4]
?w6                     0x00000c         Data  Gb  vregs.o [4]
?w7                     0x00000e         Data  Gb  vregs.o [4]
ADC1_IRQHandler         0x00916d    0x1  Code  Gb  stm8s_it.o [1]
AWU_IRQHandler          0x00915f    0x1  Code  Gb  stm8s_it.o [1]
CLK_ClockSwitchConfig   0x00892b  0x12d  Code  Gb  stm8s_clk.o [1]
CLK_DeInit              0x008e85   0x36  Code  Gb  stm8s_clk.o [1]
CLK_GetClockFreq        0x008c8c   0x57  Code  Gb  stm8s_clk.o [1]
CLK_HSI_16MHz_Init      0x009053   0x19  Code  Gb  stm8s_clock.o [1]
CLK_IRQHandler          0x009160    0x1  Code  Gb  stm8s_it.o [1]
CLK_SYSCLKConfig        0x008c01   0x8b  Code  Gb  stm8s_clk.o [1]
CSTACK$$Base            0x000300          --   Gb  - Linker created -
CSTACK$$Limit           0x000400          --   Gb  - Linker created -
Delay                   0x00912f    0x7  Code  Gb  main.o [1]
EEPROM_EEC_IRQHandler   0x00916f    0x1  Code  Gb  stm8s_it.o [1]
EXTI_PORTA_IRQHandler   0x009161    0x1  Code  Gb  stm8s_it.o [1]
EXTI_PORTB_IRQHandler   0x009162    0x1  Code  Gb  stm8s_it.o [1]
EXTI_PORTC_IRQHandler   0x009163    0x1  Code  Gb  stm8s_it.o [1]
EXTI_PORTD_IRQHandler   0x0090e7    0xe  Code  Gb  stm8s_it.o [1]
EXTI_PORTE_IRQHandler   0x009164    0x1  Code  Gb  stm8s_it.o [1]
HSIDivFactor            0x009147    0x4  Data  Gb  stm8s_clk.o [1]
I2C_IRQHandler          0x00916c    0x1  Code  Gb  stm8s_it.o [1]
INTVEC$$Base            0x008000          --   Gb  - Linker created -
INTVEC$$Limit           0x008080          --   Gb  - Linker created -
LoadInt                 0x008e11   0x3d  Code  Lc  xprintfsmall.o [4]
Region$$Table$$Base     0x008fdc          --   Gb  - Linker created -
Region$$Table$$Limit    0x008fe4          --   Gb  - Linker created -
SPI_IRQHandler          0x009165    0x1  Code  Gb  stm8s_it.o [1]
TIM1_CAP_COM_IRQHandler
                        0x009167    0x1  Code  Gb  stm8s_it.o [1]
TIM1_UPD_OVF_TRG_BRK_IRQHandler
                        0x009166    0x1  Code  Gb  stm8s_it.o [1]
TIM2_CAP_COM_IRQHandler
                        0x009169    0x1  Code  Gb  stm8s_it.o [1]
TIM2_UPD_OVF_BRK_IRQHandler
                        0x009168    0x1  Code  Gb  stm8s_it.o [1]
TIM4_UPD_OVF_IRQHandler
                        0x00916e    0x1  Code  Gb  stm8s_it.o [1]
TLI_IRQHandler          0x00915e    0x1  Code  Gb  stm8s_it.o [1]
TRAP_IRQHandler         0x00915d    0x1  Code  Gb  stm8s_it.o [1]
UART1_DeInit            0x008f1f   0x2d  Code  Gb  stm8s_uart1.o [1]
UART1_GetFlagStatus     0x008b63   0x9e  Code  Gb  stm8s_uart1.o [1]
UART1_Init              0x008425  0x222  Code  Gb  stm8s_uart1.o [1]
UART1_RX_IRQHandler     0x00916b    0x1  Code  Gb  stm8s_it.o [1]
UART1_SendData8         0x00914b    0x4  Code  Gb  stm8s_uart1.o [1]
UART1_TX_IRQHandler     0x00916a    0x1  Code  Gb  stm8s_it.o [1]
_LitobSmall             0x008647  0x176  Code  Lc  xprintfsmall.o [4]
_PrintfSmall            0x008080  0x3a5  Code  Gb  xprintfsmall.o [4]
_Prout                  0x00901f   0x1b  Code  Gb  xprout.o [4]
_PutcharSmall           0x008ef0   0x2f  Code  Lc  xprintfsmall.o [4]
_PutcharsSmall          0x008ebb   0x35  Code  Lc  xprintfsmall.o [4]
__DebugBreak            0x009170    0x1  Code  Gb  __dbg_break.o [3]
__exit                  0x0090c0   0x14  Code  Gb  __dbg_xxexit.o [3]
__iar_Memchr            0x008fbb   0x21  Code  Gb  memchr.o [4]
__iar_Strchr            0x009083   0x15  Code  Gb  strchr.o [4]
__iar_data_init2        0x009098   0x14  Code  Gb  init.o [4]
__iar_program_start     0x0090d4         Code  Gb  cstartup.o [4]
__iar_unhandled_exception
                        0x009158         Code  Gb  unhandled_exception.o [4]
__iar_zero_init2        0x008fe4         Code  Gb  init_small.o [4]
__intvec                0x008000         Data  Gb  interrupt.o [4]
__low_level_init        0x009152    0x3  Code  Gb  low_level_init.o [4]
_exit                   0x009142         Code  Gb  cexit.o [4]
_interrupt_1            0x00915d         Code  Gb  stm8s_it.o [1]
_interrupt_12           0x009165         Code  Gb  stm8s_it.o [1]
_interrupt_13           0x009166         Code  Gb  stm8s_it.o [1]
_interrupt_14           0x009167         Code  Gb  stm8s_it.o [1]
_interrupt_15           0x009168         Code  Gb  stm8s_it.o [1]
_interrupt_16           0x009169         Code  Gb  stm8s_it.o [1]
_interrupt_19           0x00916a         Code  Gb  stm8s_it.o [1]
_interrupt_2            0x00915e         Code  Gb  stm8s_it.o [1]
_interrupt_20           0x00916b         Code  Gb  stm8s_it.o [1]
_interrupt_21           0x00916c         Code  Gb  stm8s_it.o [1]
_interrupt_24           0x00916d         Code  Gb  stm8s_it.o [1]
_interrupt_25           0x00916e         Code  Gb  stm8s_it.o [1]
_interrupt_26           0x00916f         Code  Gb  stm8s_it.o [1]
_interrupt_3            0x00915f         Code  Gb  stm8s_it.o [1]
_interrupt_4            0x009160         Code  Gb  stm8s_it.o [1]
_interrupt_5            0x009161         Code  Gb  stm8s_it.o [1]
_interrupt_6            0x009162         Code  Gb  stm8s_it.o [1]
_interrupt_7            0x009163         Code  Gb  stm8s_it.o [1]
_interrupt_8            0x0090e7         Code  Gb  stm8s_it.o [1]
_interrupt_9            0x009164         Code  Gb  stm8s_it.o [1]
assert_failed           0x00915b    0x2  Code  Gb  main.o [1]
exit                    0x009155    0x3  Code  Gb  exit.o [4]
main                    0x008d83   0x47  Code  Gb  main.o [1]
pad                     0x008e4e   0x37  Code  Lc  xprintfsmall.o [4]
parameter_clock         0x000010    0x4  Data  Gb  main.o [1]
printf                  0x009002   0x1d  Code  Gb  printf.o [4]
putchar                 0x00903a   0x19  Code  Gb  main.o [1]
strlen                  0x0090f5    0xd  Code  Gb  strlen.o [4]


[1] = D:\3.stm8\stm8_tutorial\0.project_tempt\EWSTM8\Debug\Obj
[2] = command line
[3] = dbgstm8smd.a
[4] = dlstm8smn.a

  4 096 bytes of readonly  code memory
    369 bytes of readonly  data memory
    276 bytes of readwrite data memory

Errors: none
Warnings: none
