###############################################################################
#
# IAR ELF Linker V3.10.1.201 for STM8                     28/Oct/2017  23:33:56
# Copyright 2010-2017 IAR Systems AB.
#
#    Output file  =  D:\3.stm8\stm8_tutorial\2.gpio\EWSTM8\Debug\Exe\gpio.out
#    Map file     =  D:\3.stm8\stm8_tutorial\2.gpio\EWSTM8\Debug\List\gpio.map
#    Command line =  
#        -f C:\Users\tien\AppData\Local\Temp\EW48B3.tmp
#        (D:\3.stm8\stm8_tutorial\2.gpio\EWSTM8\Debug\Obj\main.o
#        D:\3.stm8\stm8_tutorial\2.gpio\EWSTM8\Debug\Obj\stm8s_clk.o
#        D:\3.stm8\stm8_tutorial\2.gpio\EWSTM8\Debug\Obj\stm8s_clock.o
#        D:\3.stm8\stm8_tutorial\2.gpio\EWSTM8\Debug\Obj\stm8s_gpio.o
#        D:\3.stm8\stm8_tutorial\2.gpio\EWSTM8\Debug\Obj\stm8s_it.o --redirect
#        _Printf=_PrintfSmall --redirect _Scanf=_ScanfSmall -o
#        D:\3.stm8\stm8_tutorial\2.gpio\EWSTM8\Debug\Exe\gpio.out --map
#        D:\3.stm8\stm8_tutorial\2.gpio\EWSTM8\Debug\List\gpio.map --config
#        "C:\Program Files (x86)\IAR Systems\Embedded Workbench
#        8.0\stm8\config\lnkstm8s103f3.icf" --config_def _CSTACK_SIZE=0x100
#        --config_def _HEAP_SIZE=0x100 --entry __iar_program_start --debug_lib)
#
###############################################################################

*******************************************************************************
*** RUNTIME MODEL ATTRIBUTES
***

__SystemLibrary            = DLib
__code_model               = small
__core                     = stm8
__data_model               = medium
__dlib_file_descriptor     = 0
__dlib_full_locale_support = 0
__rt_version               = 4


*******************************************************************************
*** PLACEMENT SUMMARY
***

"A0":  place at start of [0x000000-0x0000ff] { rw section .vregs };
"A1":  place at end of [0x000000-0x0003ff] { block CSTACK };
"A2":  place at start of [0x008000-0x009fff] { block INTVEC };
"P3":  place in [from 0x008000 to 0x009fff] {
          ro section __DLIB_PERTHREAD_init, ro section .far.data_init,
          ro section .far_func.textrw_init, ro section .huge.data_init,
          ro section .huge_func.textrw_init, ro section .iar.init_table,
          ro section .init_array, ro section .near.data_init,
          ro section .near.rodata, ro section .near_func.text,
          ro section .near_func.textrw_init, ro section .tiny.data_init,
          ro section .tiny.rodata_init };
"P4":  place in [from 0x008000 to 0x009fff] {
          ro section .far.rodata, ro section .far_func.text };
"P5":  place in [from 0x008000 to 0x009fff] {
          ro section .huge.rodata, ro section .huge_func.text };
do not initialize {
   rw section .eeprom.noinit, rw section .far.noinit, rw section .huge.noinit,
   rw section .near.noinit, rw section .tiny.noinit, rw section .vregs };

  Section          Kind      Address   Size  Object
  -------          ----      -------   ----  ------
"A0":                                   0xc
  .vregs           uninit   0x000000    0xc  vregs.o [4]
                          - 0x00000c    0xc

"A1":                                 0x100
  CSTACK                    0x000300  0x100  <Block>
    CSTACK         uninit   0x000300  0x100  <Block tail>
                          - 0x000400  0x100

"A2":                                  0x80
  INTVEC                    0x008000   0x80  <Block>
    .intvec        const    0x008000   0x80  interrupt.o [4]
                          - 0x008080   0x80

"P3-P5":                               0xa9
  .near_func.text  ro code  0x008080   0x1c  main.o [1]
  .near_func.text  ro code  0x00809c   0x18  vreg_util.o [4]
  .near_func.text  ro code  0x0080b4   0x14  init.o [4]
  .near_func.text  ro code  0x0080c8   0x14  __dbg_xxexit.o [3]
  .near_func.text  ro code  0x0080dc   0x13  cstartup.o [4]
  .near_func.text  ro code  0x0080ef    0xe  stm8s_it.o [1]
  .near_func.text  ro code  0x0080fd    0x7  main.o [1]
  .near_func.text  ro code  0x008104    0x5  cexit.o [4]
  .near_func.text  ro code  0x008109    0x3  interrupt.o [4]
  .near_func.text  ro code  0x00810c    0x3  low_level_init.o [4]
  .near_func.text  ro code  0x00810f    0x3  exit.o [4]
  .near_func.text  ro code  0x008112    0x3  unhandled_exception.o [4]
  .near_func.text  ro code  0x008115    0x1  stm8s_it.o [1]
  .near_func.text  ro code  0x008116    0x1  stm8s_it.o [1]
  .near_func.text  ro code  0x008117    0x1  stm8s_it.o [1]
  .near_func.text  ro code  0x008118    0x1  stm8s_it.o [1]
  .near_func.text  ro code  0x008119    0x1  stm8s_it.o [1]
  .near_func.text  ro code  0x00811a    0x1  stm8s_it.o [1]
  .near_func.text  ro code  0x00811b    0x1  stm8s_it.o [1]
  .near_func.text  ro code  0x00811c    0x1  stm8s_it.o [1]
  .near_func.text  ro code  0x00811d    0x1  stm8s_it.o [1]
  .near_func.text  ro code  0x00811e    0x1  stm8s_it.o [1]
  .near_func.text  ro code  0x00811f    0x1  stm8s_it.o [1]
  .near_func.text  ro code  0x008120    0x1  stm8s_it.o [1]
  .near_func.text  ro code  0x008121    0x1  stm8s_it.o [1]
  .near_func.text  ro code  0x008122    0x1  stm8s_it.o [1]
  .near_func.text  ro code  0x008123    0x1  stm8s_it.o [1]
  .near_func.text  ro code  0x008124    0x1  stm8s_it.o [1]
  .near_func.text  ro code  0x008125    0x1  stm8s_it.o [1]
  .near_func.text  ro code  0x008126    0x1  stm8s_it.o [1]
  .near_func.text  ro code  0x008127    0x1  stm8s_it.o [1]
  .near_func.text  ro code  0x008128    0x1  __dbg_break.o [3]
                          - 0x008129   0xa9



*******************************************************************************
*** MODULE SUMMARY
***

    Module                 ro code  ro data  rw data
    ------                 -------  -------  -------
D:\3.stm8\stm8_tutorial\2.gpio\EWSTM8\Debug\Obj: [1]
    main.o                      35
    stm8s_it.o                  33
    ------------------------------------------------
    Total:                      68

command line: [2]
    ------------------------------------------------
    Total:

dbgstm8smd.a: [3]
    __dbg_break.o                1
    __dbg_xxexit.o              20
    ------------------------------------------------
    Total:                      21

dlstm8smn.a: [4]
    cexit.o                      5
    cstartup.o                  19
    exit.o                       3
    init.o                      20
    interrupt.o                  3      128
    low_level_init.o             3
    unhandled_exception.o        3
    vreg_util.o                 24
    vregs.o                                       12
    ------------------------------------------------
    Total:                      80      128       12

    Linker created                               256
----------------------------------------------------
    Grand Total:               169      128      268


*******************************************************************************
*** ENTRY LIST
***

Entry                     Address  Size  Type      Object
-----                     -------  ----  ----      ------
?b0                      0x000000        Data  Gb  vregs.o [4]
?b1                      0x000001        Data  Gb  vregs.o [4]
?b10                     0x00000a        Data  Gb  vregs.o [4]
?b11                     0x00000b        Data  Gb  vregs.o [4]
?b2                      0x000002        Data  Gb  vregs.o [4]
?b3                      0x000003        Data  Gb  vregs.o [4]
?b4                      0x000004        Data  Gb  vregs.o [4]
?b5                      0x000005        Data  Gb  vregs.o [4]
?b6                      0x000006        Data  Gb  vregs.o [4]
?b7                      0x000007        Data  Gb  vregs.o [4]
?b8                      0x000008        Data  Gb  vregs.o [4]
?b9                      0x000009        Data  Gb  vregs.o [4]
?e0                      0x000001        Data  Gb  vregs.o [4]
?e1                      0x000005        Data  Gb  vregs.o [4]
?e2                      0x000009        Data  Gb  vregs.o [4]
?l0                      0x000000        Data  Gb  vregs.o [4]
?l1                      0x000004        Data  Gb  vregs.o [4]
?l2                      0x000008        Data  Gb  vregs.o [4]
?push_w4                 0x00809c        Code  Gb  vreg_util.o [4]
?w0                      0x000000        Data  Gb  vregs.o [4]
?w1                      0x000002        Data  Gb  vregs.o [4]
?w2                      0x000004        Data  Gb  vregs.o [4]
?w3                      0x000006        Data  Gb  vregs.o [4]
?w4                      0x000008        Data  Gb  vregs.o [4]
?w5                      0x00000a        Data  Gb  vregs.o [4]
ADC1_IRQHandler          0x008125   0x1  Code  Gb  stm8s_it.o [1]
AWU_IRQHandler           0x008117   0x1  Code  Gb  stm8s_it.o [1]
CLK_IRQHandler           0x008118   0x1  Code  Gb  stm8s_it.o [1]
CSTACK$$Base             0x000300         --   Gb  - Linker created -
CSTACK$$Limit            0x000400         --   Gb  - Linker created -
Delay                    0x0080fd   0x7  Code  Gb  main.o [1]
EEPROM_EEC_IRQHandler    0x008127   0x1  Code  Gb  stm8s_it.o [1]
EXTI_PORTA_IRQHandler    0x008119   0x1  Code  Gb  stm8s_it.o [1]
EXTI_PORTB_IRQHandler    0x00811a   0x1  Code  Gb  stm8s_it.o [1]
EXTI_PORTC_IRQHandler    0x00811b   0x1  Code  Gb  stm8s_it.o [1]
EXTI_PORTD_IRQHandler    0x0080ef   0xe  Code  Gb  stm8s_it.o [1]
EXTI_PORTE_IRQHandler    0x00811c   0x1  Code  Gb  stm8s_it.o [1]
I2C_IRQHandler           0x008124   0x1  Code  Gb  stm8s_it.o [1]
INTVEC$$Base             0x008000         --   Gb  - Linker created -
INTVEC$$Limit            0x008080         --   Gb  - Linker created -
Region$$Table$$Base    0x00000000         --   Gb  - Linker created -
Region$$Table$$Limit   0x00000000         --   Gb  - Linker created -
SPI_IRQHandler           0x00811d   0x1  Code  Gb  stm8s_it.o [1]
TIM1_CAP_COM_IRQHandler
                         0x00811f   0x1  Code  Gb  stm8s_it.o [1]
TIM1_UPD_OVF_TRG_BRK_IRQHandler
                         0x00811e   0x1  Code  Gb  stm8s_it.o [1]
TIM2_CAP_COM_IRQHandler
                         0x008121   0x1  Code  Gb  stm8s_it.o [1]
TIM2_UPD_OVF_BRK_IRQHandler
                         0x008120   0x1  Code  Gb  stm8s_it.o [1]
TIM4_UPD_OVF_IRQHandler
                         0x008126   0x1  Code  Gb  stm8s_it.o [1]
TLI_IRQHandler           0x008116   0x1  Code  Gb  stm8s_it.o [1]
TRAP_IRQHandler          0x008115   0x1  Code  Gb  stm8s_it.o [1]
UART1_RX_IRQHandler      0x008123   0x1  Code  Gb  stm8s_it.o [1]
UART1_TX_IRQHandler      0x008122   0x1  Code  Gb  stm8s_it.o [1]
__DebugBreak             0x008128   0x1  Code  Gb  __dbg_break.o [3]
__exit                   0x0080c8  0x14  Code  Gb  __dbg_xxexit.o [3]
__iar_data_init2         0x0080b4  0x14  Code  Gb  init.o [4]
__iar_program_start      0x0080dc        Code  Gb  cstartup.o [4]
__iar_unhandled_exception
                         0x008112        Code  Gb  unhandled_exception.o [4]
__intvec                 0x008000        Data  Gb  interrupt.o [4]
__low_level_init         0x00810c   0x3  Code  Gb  low_level_init.o [4]
_exit                    0x008104        Code  Gb  cexit.o [4]
_interrupt_1             0x008115        Code  Gb  stm8s_it.o [1]
_interrupt_12            0x00811d        Code  Gb  stm8s_it.o [1]
_interrupt_13            0x00811e        Code  Gb  stm8s_it.o [1]
_interrupt_14            0x00811f        Code  Gb  stm8s_it.o [1]
_interrupt_15            0x008120        Code  Gb  stm8s_it.o [1]
_interrupt_16            0x008121        Code  Gb  stm8s_it.o [1]
_interrupt_19            0x008122        Code  Gb  stm8s_it.o [1]
_interrupt_2             0x008116        Code  Gb  stm8s_it.o [1]
_interrupt_20            0x008123        Code  Gb  stm8s_it.o [1]
_interrupt_21            0x008124        Code  Gb  stm8s_it.o [1]
_interrupt_24            0x008125        Code  Gb  stm8s_it.o [1]
_interrupt_25            0x008126        Code  Gb  stm8s_it.o [1]
_interrupt_26            0x008127        Code  Gb  stm8s_it.o [1]
_interrupt_3             0x008117        Code  Gb  stm8s_it.o [1]
_interrupt_4             0x008118        Code  Gb  stm8s_it.o [1]
_interrupt_5             0x008119        Code  Gb  stm8s_it.o [1]
_interrupt_6             0x00811a        Code  Gb  stm8s_it.o [1]
_interrupt_7             0x00811b        Code  Gb  stm8s_it.o [1]
_interrupt_8             0x0080ef        Code  Gb  stm8s_it.o [1]
_interrupt_9             0x00811c        Code  Gb  stm8s_it.o [1]
exit                     0x00810f   0x3  Code  Gb  exit.o [4]
main                     0x008080  0x1c  Code  Gb  main.o [1]


[1] = D:\3.stm8\stm8_tutorial\2.gpio\EWSTM8\Debug\Obj
[2] = command line
[3] = dbgstm8smd.a
[4] = dlstm8smn.a

  169 bytes of readonly  code memory
  128 bytes of readonly  data memory
  268 bytes of readwrite data memory

Errors: none
Warnings: none
