###############################################################################
#
# IAR ELF Linker V3.10.1.201 for STM8                     28/Oct/2017  23:30:33
# Copyright 2010-2017 IAR Systems AB.
#
#    Output file  =  
#        D:\3.stm8\stm8_tutorial\3.uart_interrupt\EWSTM8\Debug\Exe\uart_inerrupt.out
#    Map file     =  
#        D:\3.stm8\stm8_tutorial\3.uart_interrupt\EWSTM8\Debug\List\uart_inerrupt.map
#    Command line =  
#        -f C:\Users\tien\AppData\Local\Temp\EW31B4.tmp
#        (D:\3.stm8\stm8_tutorial\3.uart_interrupt\EWSTM8\Debug\Obj\main.o
#        D:\3.stm8\stm8_tutorial\3.uart_interrupt\EWSTM8\Debug\Obj\stm8s_clk.o
#        D:\3.stm8\stm8_tutorial\3.uart_interrupt\EWSTM8\Debug\Obj\stm8s_clock.o
#        D:\3.stm8\stm8_tutorial\3.uart_interrupt\EWSTM8\Debug\Obj\stm8s_gpio.o
#        D:\3.stm8\stm8_tutorial\3.uart_interrupt\EWSTM8\Debug\Obj\stm8s_it.o
#        D:\3.stm8\stm8_tutorial\3.uart_interrupt\EWSTM8\Debug\Obj\stm8s_uart1.o
#        --redirect _Printf=_PrintfSmall --redirect _Scanf=_ScanfSmall -o
#        D:\3.stm8\stm8_tutorial\3.uart_interrupt\EWSTM8\Debug\Exe\uart_inerrupt.out
#        --map
#        D:\3.stm8\stm8_tutorial\3.uart_interrupt\EWSTM8\Debug\List\uart_inerrupt.map
#        --config "C:\Program Files (x86)\IAR Systems\Embedded Workbench
#        8.0\stm8\config\lnkstm8s103f3.icf" --config_def _CSTACK_SIZE=0x100
#        --config_def _HEAP_SIZE=0x100 --entry __iar_program_start --debug_lib)
#
###############################################################################

*******************************************************************************
*** RUNTIME MODEL ATTRIBUTES
***

__SystemLibrary            = DLib
__code_model               = small
__core                     = stm8
__data_model               = medium
__dlib_file_descriptor     = 0
__dlib_full_locale_support = 0
__rt_version               = 4


*******************************************************************************
*** PLACEMENT SUMMARY
***

"A0":  place at start of [0x000000-0x0000ff] { rw section .vregs };
"A1":  place at end of [0x000000-0x0003ff] { block CSTACK };
"P2":  place in [from 0x000000 to 0x0003ff] {
          block HEAP, rw section __DLIB_PERTHREAD, rw section .far.bss,
          rw section .far.data, rw section .far.noinit,
          rw section .far_func.textrw, rw section .huge.bss,
          rw section .huge.data, rw section .huge.noinit,
          rw section .huge_func.textrw, rw section .iar.dynexit,
          rw section .near.bss, rw section .near.data, rw section .near.noinit,
          rw section .near_func.textrw };
"A2":  place at start of [0x008000-0x009fff] { block INTVEC };
"P3":  place in [from 0x008000 to 0x009fff] {
          ro section __DLIB_PERTHREAD_init, ro section .far.data_init,
          ro section .far_func.textrw_init, ro section .huge.data_init,
          ro section .huge_func.textrw_init, ro section .iar.init_table,
          ro section .init_array, ro section .near.data_init,
          ro section .near.rodata, ro section .near_func.text,
          ro section .near_func.textrw_init, ro section .tiny.data_init,
          ro section .tiny.rodata_init };
"P4":  place in [from 0x008000 to 0x009fff] {
          ro section .far.rodata, ro section .far_func.text };
"P5":  place in [from 0x008000 to 0x009fff] {
          ro section .huge.rodata, ro section .huge_func.text };
do not initialize {
   rw section .eeprom.noinit, rw section .far.noinit, rw section .huge.noinit,
   rw section .near.noinit, rw section .tiny.noinit, rw section .vregs };

  Section          Kind      Address    Size  Object
  -------          ----      -------    ----  ------
"A0":                                   0x10
  .vregs           uninit   0x000000    0x10  vregs.o [4]
                          - 0x000010    0x10

"P2":                                    0x2
  .near.bss        zero     0x000010     0x1  main.o [1]
  .near.bss        zero     0x000011     0x1  main.o [1]
                          - 0x000012     0x2

"A1":                                  0x100
  CSTACK                    0x000300   0x100  <Block>
    CSTACK         uninit   0x000300   0x100  <Block tail>
                          - 0x000400   0x100

"A2":                                   0x80
  INTVEC                    0x008000    0x80  <Block>
    .intvec        const    0x008000    0x80  interrupt.o [4]
                          - 0x008080    0x80

"P3-P5":                              0x1350
  .near_func.text  ro code  0x008080   0x3a5  xprintfsmall.o [4]
  .near_func.text  ro code  0x008425   0x222  stm8s_uart1.o [1]
  .near_func.text  ro code  0x008647   0x176  xprintfsmall.o [4]
  .near_func.text  ro code  0x0087bd   0x16e  long.o [4]
  .near_func.text  ro code  0x00892b   0x12d  stm8s_clk.o [1]
  .near_func.text  ro code  0x008a58   0x12b  vreg_util.o [4]
  .near_func.text  ro code  0x008b83   0x110  stm8s_gpio.o [1]
  .near_func.text  ro code  0x008c93    0xd0  stm8s_uart1.o [1]
  .near_func.text  ro code  0x008d63    0x9e  stm8s_uart1.o [1]
  .near_func.text  ro code  0x008e01    0x8b  stm8s_clk.o [1]
  .near_func.text  ro code  0x008e8c    0x57  stm8s_clk.o [1]
  .near.rodata     const    0x008ee3    0x52  stm8s_uart1.o [1]
  .near.rodata     const    0x008f35    0x51  stm8s_gpio.o [1]
  .near_func.text  ro code  0x008f86    0x51  main.o [1]
  .near.rodata     const    0x008fd7    0x50  stm8s_clk.o [1]
  .near_func.text  ro code  0x009027    0x47  long_util.o [4]
  .near_func.text  ro code  0x00906e    0x3d  xprintfsmall.o [4]
  .near_func.text  ro code  0x0090ab    0x37  xprintfsmall.o [4]
  .near_func.text  ro code  0x0090e2    0x36  stm8s_clk.o [1]
  .near_func.text  ro code  0x009118    0x35  xprintfsmall.o [4]
  .near_func.text  ro code  0x00914d    0x2f  xprintfsmall.o [4]
  .near_func.text  ro code  0x00917c    0x2d  stm8s_uart1.o [1]
  .near_func.text  ro code  0x0091a9    0x2b  short.o [4]
  .near_func.text  ro code  0x0091d4    0x25  stm8s_it.o [1]
  .near_func.text  ro code  0x0091f9    0x25  dc_util.o [4]
  .near_func.text  ro code  0x00921e    0x21  memchr.o [4]
  .iar.init_table  const    0x00923f     0x8  - Linker created -
  .near_func.text  ro code  0x009247    0x1e  init_small.o [4]
  .near_func.text  ro code  0x009265    0x1d  printf.o [4]
  .near_func.text  ro code  0x009282    0x1b  xprout.o [4]
  .near_func.text  ro code  0x00929d    0x19  main.o [1]
  .near_func.text  ro code  0x0092b6    0x19  stm8s_clock.o [1]
  .near_func.text  ro code  0x0092cf    0x15  strchr.o [4]
  .near_func.text  ro code  0x0092e4    0x14  init.o [4]
  .near_func.text  ro code  0x0092f8    0x14  xprintfsmall.o [4]
  .near_func.text  ro code  0x00930c    0x14  __dbg_xxexit.o [3]
  .near_func.text  ro code  0x009320    0x13  cstartup.o [4]
  .near.rodata     const    0x009333    0x10  main.o [1]
  .near_func.text  ro code  0x009343     0xd  stm8s_uart1.o [1]
  .near_func.text  ro code  0x009350     0xd  strlen.o [4]
  .near_func.text  ro code  0x00935d     0xb  xprintfsmall.o [4]
  .near_func.text  ro code  0x009368     0xa  xprintfsmall.o [4]
  .near_func.text  ro code  0x009372     0x9  xprintfsmall.o [4]
  .near_func.text  ro code  0x00937b     0x8  xprintfsmall.o [4]
  .near.rodata     const    0x009383     0x7  xprintfsmall.o [4]
  .near_func.text  ro code  0x00938a     0x7  stm8s_gpio.o [1]
  .near_func.text  ro code  0x009391     0x6  xprintfsmall.o [4]
  .near_func.text  ro code  0x009397     0x6  xprintfsmall.o [4]
  .near_func.text  ro code  0x00939d     0x5  cexit.o [4]
  .near.rodata     const    0x0093a2     0x4  stm8s_clk.o [1]
  .near_func.text  ro code  0x0093a6     0x4  stm8s_uart1.o [1]
  .near_func.text  ro code  0x0093aa     0x4  stm8s_uart1.o [1]
  .near_func.text  ro code  0x0093ae     0x3  interrupt.o [4]
  .near_func.text  ro code  0x0093b1     0x3  low_level_init.o [4]
  .near_func.text  ro code  0x0093b4     0x3  exit.o [4]
  .near_func.text  ro code  0x0093b7     0x3  unhandled_exception.o [4]
  .near_func.text  ro code  0x0093ba     0x2  main.o [1]
  .near_func.text  ro code  0x0093bc     0x1  stm8s_it.o [1]
  .near_func.text  ro code  0x0093bd     0x1  stm8s_it.o [1]
  .near_func.text  ro code  0x0093be     0x1  stm8s_it.o [1]
  .near_func.text  ro code  0x0093bf     0x1  stm8s_it.o [1]
  .near_func.text  ro code  0x0093c0     0x1  stm8s_it.o [1]
  .near_func.text  ro code  0x0093c1     0x1  stm8s_it.o [1]
  .near_func.text  ro code  0x0093c2     0x1  stm8s_it.o [1]
  .near_func.text  ro code  0x0093c3     0x1  stm8s_it.o [1]
  .near_func.text  ro code  0x0093c4     0x1  stm8s_it.o [1]
  .near_func.text  ro code  0x0093c5     0x1  stm8s_it.o [1]
  .near_func.text  ro code  0x0093c6     0x1  stm8s_it.o [1]
  .near_func.text  ro code  0x0093c7     0x1  stm8s_it.o [1]
  .near_func.text  ro code  0x0093c8     0x1  stm8s_it.o [1]
  .near_func.text  ro code  0x0093c9     0x1  stm8s_it.o [1]
  .near_func.text  ro code  0x0093ca     0x1  stm8s_it.o [1]
  .near_func.text  ro code  0x0093cb     0x1  stm8s_it.o [1]
  .near_func.text  ro code  0x0093cc     0x1  stm8s_it.o [1]
  .near_func.text  ro code  0x0093cd     0x1  stm8s_it.o [1]
  .near_func.text  ro code  0x0093ce     0x1  stm8s_it.o [1]
  .near_func.text  ro code  0x0093cf     0x1  __dbg_break.o [3]
                          - 0x0093d0  0x1350


*******************************************************************************
*** INIT TABLE
***

          Address   Size
          -------   ----
Zero (__iar_zero_init2)
    1 destination range, total size 0x2:
          0x000010   0x2



*******************************************************************************
*** MODULE SUMMARY
***

    Module                 ro code  ro data  rw data
    ------                 -------  -------  -------
D:\3.stm8\stm8_tutorial\3.uart_interrupt\EWSTM8\Debug\Obj: [1]
    main.o                     108       16        2
    stm8s_clk.o                581       84
    stm8s_clock.o               25
    stm8s_gpio.o               279       81
    stm8s_it.o                  56
    stm8s_uart1.o              978       82
    ------------------------------------------------
    Total:                   2 027      263        2

command line: [2]
    ------------------------------------------------
    Total:

dbgstm8smd.a: [3]
    __dbg_break.o                1
    __dbg_xxexit.o              20
    ------------------------------------------------
    Total:                      21

dlstm8smn.a: [4]
    cexit.o                      5
    cstartup.o                  19
    dc_util.o                   37
    exit.o                       3
    init.o                      20
    init_small.o                30
    interrupt.o                  3      128
    long.o                     366
    long_util.o                 71
    low_level_init.o             3
    memchr.o                    33
    printf.o                    29
    short.o                     43
    strchr.o                    21
    strlen.o                    13
    unhandled_exception.o        3
    vreg_util.o                299
    vregs.o                                       16
    xprintfsmall.o           1 593        7
    xprout.o                    27
    ------------------------------------------------
    Total:                   2 618      135       16

    Linker created                        8      256
----------------------------------------------------
    Grand Total:             4 666      406      274


*******************************************************************************
*** ENTRY LIST
***

Entry                    Address   Size  Type      Object
-----                    -------   ----  ----      ------
.iar.init_table$$Base   0x00923f          --   Gb  - Linker created -
.iar.init_table$$Limit  0x009247          --   Gb  - Linker created -
?and32_l0_l0_0x         0x0088ea         Code  Gb  long.o [4]
?and32_l0_l0_l1         0x0088e7         Code  Gb  long.o [4]
?b0                     0x000000         Data  Gb  vregs.o [4]
?b1                     0x000001         Data  Gb  vregs.o [4]
?b10                    0x00000a         Data  Gb  vregs.o [4]
?b11                    0x00000b         Data  Gb  vregs.o [4]
?b12                    0x00000c         Data  Gb  vregs.o [4]
?b13                    0x00000d         Data  Gb  vregs.o [4]
?b14                    0x00000e         Data  Gb  vregs.o [4]
?b15                    0x00000f         Data  Gb  vregs.o [4]
?b2                     0x000002         Data  Gb  vregs.o [4]
?b3                     0x000003         Data  Gb  vregs.o [4]
?b4                     0x000004         Data  Gb  vregs.o [4]
?b5                     0x000005         Data  Gb  vregs.o [4]
?b6                     0x000006         Data  Gb  vregs.o [4]
?b7                     0x000007         Data  Gb  vregs.o [4]
?b8                     0x000008         Data  Gb  vregs.o [4]
?b9                     0x000009         Data  Gb  vregs.o [4]
?dc32_l0                0x0091f9         Code  Gb  dc_util.o [4]
?dc32_l1                0x009206         Code  Gb  dc_util.o [4]
?dc32_px                0x009213         Code  Gb  dc_util.o [4]
?e0                     0x000001         Data  Gb  vregs.o [4]
?e1                     0x000005         Data  Gb  vregs.o [4]
?e2                     0x000009         Data  Gb  vregs.o [4]
?e3                     0x00000d         Data  Gb  vregs.o [4]
?epilogue_l2            0x008afd         Code  Gb  vreg_util.o [4]
?epilogue_l2_l3         0x008afa         Code  Gb  vreg_util.o [4]
?epilogue_l2_w6         0x008b01         Code  Gb  vreg_util.o [4]
?epilogue_w4            0x008b08         Code  Gb  vreg_util.o [4]
?l0                     0x000000         Data  Gb  vregs.o [4]
?l1                     0x000004         Data  Gb  vregs.o [4]
?l2                     0x000008         Data  Gb  vregs.o [4]
?l3                     0x00000c         Data  Gb  vregs.o [4]
?load32_0x_l0           0x009060         Code  Gb  long_util.o [4]
?load32_asp_l0          0x009054         Code  Gb  long_util.o [4]
?load32_dbsp_l0         0x00904f         Code  Gb  long_util.o [4]
?load32_l0_0x           0x009037         Code  Gb  long_util.o [4]
?load32_l0_asp          0x00902c         Code  Gb  long_util.o [4]
?load32_l0_dbsp         0x009027         Code  Gb  long_util.o [4]
?load32_l0_xsp          0x00902e         Code  Gb  long_util.o [4]
?load32_l1_0x           0x009043         Code  Gb  long_util.o [4]
?load32_xsp_l0          0x009056         Code  Gb  long_util.o [4]
?mov_e0_e2              0x008b2b         Code  Gb  vreg_util.o [4]
?mov_e0_e3              0x008b38         Code  Gb  vreg_util.o [4]
?mov_e1_e0              0x008b45         Code  Gb  vreg_util.o [4]
?mov_e1_e2              0x008b52         Code  Gb  vreg_util.o [4]
?mov_e1_e3              0x008b5f         Code  Gb  vreg_util.o [4]
?mov_e2_e0              0x008b6c         Code  Gb  vreg_util.o [4]
?mov_e3_e0              0x008b79         Code  Gb  vreg_util.o [4]
?mov_l0_l2              0x008b28         Code  Gb  vreg_util.o [4]
?mov_l0_l3              0x008b35         Code  Gb  vreg_util.o [4]
?mov_l1_l0              0x008b42         Code  Gb  vreg_util.o [4]
?mov_l1_l2              0x008b4f         Code  Gb  vreg_util.o [4]
?mov_l1_l3              0x008b5c         Code  Gb  vreg_util.o [4]
?mov_l2_l0              0x008b69         Code  Gb  vreg_util.o [4]
?mov_l3_l0              0x008b76         Code  Gb  vreg_util.o [4]
?mov_w0_w5              0x008b0c         Code  Gb  vreg_util.o [4]
?mov_w1_w5              0x008b2e         Code  Gb  vreg_util.o [4]
?mov_w1_w7              0x008b3b         Code  Gb  vreg_util.o [4]
?mov_w3_w1              0x008b48         Code  Gb  vreg_util.o [4]
?mov_w3_w5              0x008b55         Code  Gb  vreg_util.o [4]
?mov_w3_w7              0x008b62         Code  Gb  vreg_util.o [4]
?mov_w4_w0              0x008b13         Code  Gb  vreg_util.o [4]
?mov_w4_w1              0x008b1a         Code  Gb  vreg_util.o [4]
?mov_w5_w0              0x008b21         Code  Gb  vreg_util.o [4]
?mov_w5_w1              0x008b6f         Code  Gb  vreg_util.o [4]
?mov_w7_w1              0x008b7c         Code  Gb  vreg_util.o [4]
?mul16_x_x_w0           0x0091a9         Code  Gb  short.o [4]
?mul32_l0_l0_0x         0x0087eb         Code  Gb  long.o [4]
?mul32_l0_l0_dl         0x0087e8         Code  Gb  long.o [4]
?mul32_l0_l0_l1         0x0087f4         Code  Gb  long.o [4]
?neg32_l0_l0            0x0087bd         Code  Gb  long.o [4]
?pop_l0                 0x008ac6         Code  Gb  vreg_util.o [4]
?pop_l1                 0x008ad1         Code  Gb  vreg_util.o [4]
?pop_l2                 0x008adc         Code  Gb  vreg_util.o [4]
?pop_l3                 0x008ae7         Code  Gb  vreg_util.o [4]
?pop_w4                 0x008a7f         Code  Gb  vreg_util.o [4]
?pop_w6                 0x008a86         Code  Gb  vreg_util.o [4]
?push_l0                0x008a95         Code  Gb  vreg_util.o [4]
?push_l1                0x008a9a         Code  Gb  vreg_util.o [4]
?push_l2                0x008a9f         Code  Gb  vreg_util.o [4]
?push_l3                0x008aa4         Code  Gb  vreg_util.o [4]
?push_w0                0x008a58         Code  Gb  vreg_util.o [4]
?push_w1                0x008a5d         Code  Gb  vreg_util.o [4]
?push_w4                0x008a62         Code  Gb  vreg_util.o [4]
?push_w6                0x008a67         Code  Gb  vreg_util.o [4]
?sext32_l0_a            0x00891e         Code  Gb  long.o [4]
?sext32_l0_x            0x008913         Code  Gb  long.o [4]
?sll16_x_x_a            0x0091c7         Code  Gb  short.o [4]
?sll32_0x_0x_a          0x008905         Code  Gb  long.o [4]
?sll32_l0_l0_a          0x008902         Code  Gb  long.o [4]
?srl16_x_x_4            0x0091cf         Code  Gb  short.o [4]
?sub32_l0_l0_0x         0x0087d0         Code  Gb  long.o [4]
?sub32_l0_l0_l1         0x0087cd         Code  Gb  long.o [4]
?udiv32_l0_dl_l1        0x008872         Code  Gb  long.o [4]
?udiv32_l0_l0_dl        0x008877         Code  Gb  long.o [4]
?udiv32_l0_l0_l1        0x00887a         Code  Gb  long.o [4]
?umod32_l1_l0_l1        0x00887a         Code  Gb  long.o [4]
?w0                     0x000000         Data  Gb  vregs.o [4]
?w1                     0x000002         Data  Gb  vregs.o [4]
?w2                     0x000004         Data  Gb  vregs.o [4]
?w3                     0x000006         Data  Gb  vregs.o [4]
?w4                     0x000008         Data  Gb  vregs.o [4]
?w5                     0x00000a         Data  Gb  vregs.o [4]
?w6                     0x00000c         Data  Gb  vregs.o [4]
?w7                     0x00000e         Data  Gb  vregs.o [4]
ADC1_IRQHandler         0x0093cc    0x1  Code  Gb  stm8s_it.o [1]
AWU_IRQHandler          0x0093be    0x1  Code  Gb  stm8s_it.o [1]
CLK_ClockSwitchConfig   0x00892b  0x12d  Code  Gb  stm8s_clk.o [1]
CLK_DeInit              0x0090e2   0x36  Code  Gb  stm8s_clk.o [1]
CLK_GetClockFreq        0x008e8c   0x57  Code  Gb  stm8s_clk.o [1]
CLK_HSI_16MHz_Init      0x0092b6   0x19  Code  Gb  stm8s_clock.o [1]
CLK_IRQHandler          0x0093bf    0x1  Code  Gb  stm8s_it.o [1]
CLK_SYSCLKConfig        0x008e01   0x8b  Code  Gb  stm8s_clk.o [1]
CSTACK$$Base            0x000300          --   Gb  - Linker created -
CSTACK$$Limit           0x000400          --   Gb  - Linker created -
EEPROM_EEC_IRQHandler   0x0093ce    0x1  Code  Gb  stm8s_it.o [1]
EXTI_PORTA_IRQHandler   0x0093c0    0x1  Code  Gb  stm8s_it.o [1]
EXTI_PORTB_IRQHandler   0x0093c1    0x1  Code  Gb  stm8s_it.o [1]
EXTI_PORTC_IRQHandler   0x0093c2    0x1  Code  Gb  stm8s_it.o [1]
EXTI_PORTD_IRQHandler   0x0093c3    0x1  Code  Gb  stm8s_it.o [1]
EXTI_PORTE_IRQHandler   0x0093c4    0x1  Code  Gb  stm8s_it.o [1]
GPIO_Init               0x008b83  0x110  Code  Gb  stm8s_gpio.o [1]
GPIO_WriteReverse       0x00938a    0x7  Code  Gb  stm8s_gpio.o [1]
HSIDivFactor            0x0093a2    0x4  Data  Gb  stm8s_clk.o [1]
I2C_IRQHandler          0x0093cb    0x1  Code  Gb  stm8s_it.o [1]
INTVEC$$Base            0x008000          --   Gb  - Linker created -
INTVEC$$Limit           0x008080          --   Gb  - Linker created -
LoadInt                 0x00906e   0x3d  Code  Lc  xprintfsmall.o [4]
Region$$Table$$Base     0x00923f          --   Gb  - Linker created -
Region$$Table$$Limit    0x009247          --   Gb  - Linker created -
SPI_IRQHandler          0x0093c5    0x1  Code  Gb  stm8s_it.o [1]
TIM1_CAP_COM_IRQHandler
                        0x0093c7    0x1  Code  Gb  stm8s_it.o [1]
TIM1_UPD_OVF_TRG_BRK_IRQHandler
                        0x0093c6    0x1  Code  Gb  stm8s_it.o [1]
TIM2_CAP_COM_IRQHandler
                        0x0093c9    0x1  Code  Gb  stm8s_it.o [1]
TIM2_UPD_OVF_BRK_IRQHandler
                        0x0093c8    0x1  Code  Gb  stm8s_it.o [1]
TIM4_UPD_OVF_IRQHandler
                        0x0093cd    0x1  Code  Gb  stm8s_it.o [1]
TLI_IRQHandler          0x0093bd    0x1  Code  Gb  stm8s_it.o [1]
TRAP_IRQHandler         0x0093bc    0x1  Code  Gb  stm8s_it.o [1]
UART1_Cmd               0x009343    0xd  Code  Gb  stm8s_uart1.o [1]
UART1_DeInit            0x00917c   0x2d  Code  Gb  stm8s_uart1.o [1]
UART1_GetFlagStatus     0x008d63   0x9e  Code  Gb  stm8s_uart1.o [1]
UART1_ITConfig          0x008c93   0xd0  Code  Gb  stm8s_uart1.o [1]
UART1_Init              0x008425  0x222  Code  Gb  stm8s_uart1.o [1]
UART1_RX_IRQHandler     0x0091d4   0x25  Code  Gb  stm8s_it.o [1]
UART1_ReceiveData8      0x0093a6    0x4  Code  Gb  stm8s_uart1.o [1]
UART1_SendData8         0x0093aa    0x4  Code  Gb  stm8s_uart1.o [1]
UART1_TX_IRQHandler     0x0093ca    0x1  Code  Gb  stm8s_it.o [1]
_LitobSmall             0x008647  0x176  Code  Lc  xprintfsmall.o [4]
_PrintfSmall            0x008080  0x3a5  Code  Gb  xprintfsmall.o [4]
_Prout                  0x009282   0x1b  Code  Gb  xprout.o [4]
_PutcharSmall           0x00914d   0x2f  Code  Lc  xprintfsmall.o [4]
_PutcharsSmall          0x009118   0x35  Code  Lc  xprintfsmall.o [4]
__DebugBreak            0x0093cf    0x1  Code  Gb  __dbg_break.o [3]
__exit                  0x00930c   0x14  Code  Gb  __dbg_xxexit.o [3]
__iar_Memchr            0x00921e   0x21  Code  Gb  memchr.o [4]
__iar_Strchr            0x0092cf   0x15  Code  Gb  strchr.o [4]
__iar_data_init2        0x0092e4   0x14  Code  Gb  init.o [4]
__iar_program_start     0x009320         Code  Gb  cstartup.o [4]
__iar_unhandled_exception
                        0x0093b7         Code  Gb  unhandled_exception.o [4]
__iar_zero_init2        0x009247         Code  Gb  init_small.o [4]
__intvec                0x008000         Data  Gb  interrupt.o [4]
__low_level_init        0x0093b1    0x3  Code  Gb  low_level_init.o [4]
_exit                   0x00939d         Code  Gb  cexit.o [4]
_interrupt_1            0x0093bc         Code  Gb  stm8s_it.o [1]
_interrupt_12           0x0093c5         Code  Gb  stm8s_it.o [1]
_interrupt_13           0x0093c6         Code  Gb  stm8s_it.o [1]
_interrupt_14           0x0093c7         Code  Gb  stm8s_it.o [1]
_interrupt_15           0x0093c8         Code  Gb  stm8s_it.o [1]
_interrupt_16           0x0093c9         Code  Gb  stm8s_it.o [1]
_interrupt_19           0x0093ca         Code  Gb  stm8s_it.o [1]
_interrupt_2            0x0093bd         Code  Gb  stm8s_it.o [1]
_interrupt_20           0x0091d4         Code  Gb  stm8s_it.o [1]
_interrupt_21           0x0093cb         Code  Gb  stm8s_it.o [1]
_interrupt_24           0x0093cc         Code  Gb  stm8s_it.o [1]
_interrupt_25           0x0093cd         Code  Gb  stm8s_it.o [1]
_interrupt_26           0x0093ce         Code  Gb  stm8s_it.o [1]
_interrupt_3            0x0093be         Code  Gb  stm8s_it.o [1]
_interrupt_4            0x0093bf         Code  Gb  stm8s_it.o [1]
_interrupt_5            0x0093c0         Code  Gb  stm8s_it.o [1]
_interrupt_6            0x0093c1         Code  Gb  stm8s_it.o [1]
_interrupt_7            0x0093c2         Code  Gb  stm8s_it.o [1]
_interrupt_8            0x0093c3         Code  Gb  stm8s_it.o [1]
_interrupt_9            0x0093c4         Code  Gb  stm8s_it.o [1]
assert_failed           0x0093ba    0x2  Code  Gb  main.o [1]
enable                  0x000011    0x1  Data  Gb  main.o [1]
exit                    0x0093b4    0x3  Code  Gb  exit.o [4]
main                    0x008f86   0x51  Code  Gb  main.o [1]
pad                     0x0090ab   0x37  Code  Lc  xprintfsmall.o [4]
printf                  0x009265   0x1d  Code  Gb  printf.o [4]
putchar                 0x00929d   0x19  Code  Gb  main.o [1]
strlen                  0x009350    0xd  Code  Gb  strlen.o [4]
temp                    0x000010    0x1  Data  Gb  main.o [1]


[1] = D:\3.stm8\stm8_tutorial\3.uart_interrupt\EWSTM8\Debug\Obj
[2] = command line
[3] = dbgstm8smd.a
[4] = dlstm8smn.a

  4 666 bytes of readonly  code memory
    406 bytes of readonly  data memory
    274 bytes of readwrite data memory

Errors: none
Warnings: none
